2026-05-05 10:11:36,268 [main] INFO  o.testcontainers.images.PullPolicy - Image pull policy will be performed by: DefaultPullPolicy()
2026-05-05 10:11:36,280 [main] INFO  o.t.utility.ImageNameSubstitutor - Image name substitution will be performed by: DefaultImageNameSubstitutor (composite of 'ConfigurationFileImageNameSubstitutor' and 'PrefixingImageNameSubstitutor')
2026-05-05 10:11:36,573 [main] INFO  o.t.d.DockerMachineClientProviderStrategy - docker-machine executable was not found on PATH ([C:\Program Files\Common Files\Oracle\Java\javapath, C:\Program Files\Python311\Scripts\, C:\Program Files\Python311\, C:\WINDOWS\system32, C:\WINDOWS, C:\WINDOWS\System32\Wbem, C:\WINDOWS\System32\WindowsPowerShell\v1.0\, C:\WINDOWS\System32\OpenSSH\, C:\Program Files\Java\jdk-21\bin, C:\ProgramData\chocolatey\bin, C:\dart-sdk\bin, D:\flutter\bin, C:\Users\Rohit Deshmukh\AppData\Local\Android\Sdk\build-tools\34.0.0\lld-bin, C:\Users\Rohit Deshmukh\AppData\Local\Android\Sdk, D:\3Rd Year\Chrome Download\mingw-w64-v11.0.0\mingw-w64-v11.0.0, C:\Program Files\dotnet\, C:\Program Files\Git\cmd, C:\Program Files\nodejs\, C:\Program Files\MongoDB\Server\8.0\bin, C:\Program Files\MySQL\MySQL Server 8.0\bin, C:\Users\Rohit Deshmukh\AppData\Local\Programs\Python\Python313\Scripts\, C:\Users\Rohit Deshmukh\AppData\Local\Programs\Python\Python313\, C:\Users\Rohit Deshmukh\AppData\Local\Programs\Python\Launcher\, C:\Users\Rohit Deshmukh\.console-ninja\.bin, C:\Users\Rohit Deshmukh\AppData\Local\Microsoft\WindowsApps, C:\Users\Rohit Deshmukh\AppData\Local\Programs\Microsoft VS Code\bin, C:\Users\Rohit Deshmukh\AppData\Roaming\npm, C:\Users\Rohit Deshmukh\AppData\Local\Microsoft\WindowsApps, C:\Windows\Microsoft.NET\Framework\v4.0.30319, C:\Users\Rohit Deshmukh\Downloads\jdk-26_windows-x64_bin.msi, , C:\Users\Rohit Deshmukh\Downloads\netbeans-29-bin\netbeans-29-bin\netbeans\bin\])
2026-05-05 10:11:36,575 [main] ERROR o.t.d.DockerClientProviderStrategy - Could not find a valid Docker environment. Please check configuration. Attempted configurations were:
As no valid configuration was found, execution cannot continue.
See https://java.testcontainers.org/on_failure.html for more details.
2026-05-05 10:21:13,067 [main] INFO  c.m.h.HospitalManagementSystem - HMS starting
2026-05-05 10:21:13,147 [main] INFO  com.zaxxer.hikari.HikariDataSource - hms-pool - Starting...
2026-05-05 10:21:13,643 [main] INFO  com.zaxxer.hikari.pool.HikariPool - hms-pool - Added connection com.mysql.cj.jdbc.ConnectionImpl@1349883
2026-05-05 10:21:13,645 [main] INFO  com.zaxxer.hikari.HikariDataSource - hms-pool - Start completed.
2026-05-05 10:21:13,645 [main] INFO  com.mycompany.hms.db.Database - Hikari pool initialised: max=10 minIdle=2
2026-05-05 10:21:14,076 [main] INFO  org.flywaydb.core.FlywayExecutor - Database: jdbc:mysql://localhost:3306/hospitalmanagementsystem (MySQL 8.0)
2026-05-05 10:21:14,158 [main] INFO  o.f.c.i.s.JdbcTableSchemaHistory - Schema history table `hospitalmanagementsystem`.`flyway_schema_history` does not exist yet
2026-05-05 10:21:14,163 [main] INFO  o.f.core.internal.command.DbValidate - Successfully validated 2 migrations (execution time 00:00.037s)
2026-05-05 10:21:14,206 [main] INFO  o.f.c.i.s.JdbcTableSchemaHistory - Creating Schema History table `hospitalmanagementsystem`.`flyway_schema_history` with baseline ...
2026-05-05 10:21:14,343 [main] INFO  o.f.core.internal.command.DbBaseline - Successfully baselined schema with version: 1
2026-05-05 10:21:14,366 [main] INFO  o.f.core.internal.command.DbMigrate - Current version of schema `hospitalmanagementsystem`: 1
2026-05-05 10:21:14,382 [main] INFO  o.f.core.internal.command.DbMigrate - Migrating schema `hospitalmanagementsystem` to version "2 - auth and slots"
2026-05-05 10:21:14,403 [main] ERROR o.f.core.internal.command.DbMigrate - Migration of schema `hospitalmanagementsystem` to version "2 - auth and slots" failed! Please restore backups and roll back database and code!
2026-05-05 10:21:14,428 [main] ERROR c.m.h.HospitalManagementSystem - Startup failed
org.flywaydb.core.internal.command.DbMigrate$FlywayMigrateException: Script V2__auth_and_slots.sql failed
------------------------------------
SQL State  : HY000
Error Code : 1822
Message    : Failed to add the foreign key constraint. Missing index for constraint 'fk_users_doctor' in the referenced table 'doctor'
Location   : db/migration/V2__auth_and_slots.sql (D:\HospitalManagementSystem\target\classes\db\migration\V2__auth_and_slots.sql)
Line       : 2
Statement  : Run Flyway with -X option to see the actual statement causing the problem

	at org.flywaydb.core.internal.command.DbMigrate.doMigrateGroup(DbMigrate.java:399)
	at org.flywaydb.core.internal.command.DbMigrate.lambda$applyMigrations$1(DbMigrate.java:283)
	at org.flywaydb.core.internal.jdbc.TransactionalExecutionTemplate.execute(TransactionalExecutionTemplate.java:59)
	at org.flywaydb.core.internal.command.DbMigrate.applyMigrations(DbMigrate.java:282)
	at org.flywaydb.core.internal.command.DbMigrate.migrateGroup(DbMigrate.java:255)
	at org.flywaydb.core.internal.command.DbMigrate.lambda$migrateAll$0(DbMigrate.java:149)
	at org.flywaydb.database.mysql.MySQLNamedLockTemplate.execute(MySQLNamedLockTemplate.java:62)
	at org.flywaydb.database.mysql.MySQLConnection.lock(MySQLConnection.java:159)
	at org.flywaydb.core.internal.schemahistory.JdbcTableSchemaHistory.lock(JdbcTableSchemaHistory.java:149)
	at org.flywaydb.core.internal.command.DbMigrate.migrateAll(DbMigrate.java:149)
	at org.flywaydb.core.internal.command.DbMigrate.migrate(DbMigrate.java:107)
	at org.flywaydb.core.Flyway.lambda$migrate$0(Flyway.java:222)
	at org.flywaydb.core.FlywayExecutor.execute(FlywayExecutor.java:210)
	at org.flywaydb.core.Flyway.migrate(Flyway.java:164)
	at com.mycompany.hms.db.Migrator.migrate(Migrator.java:24)
	at com.mycompany.hospitalmanagementsystem.HospitalManagementSystem.main(HospitalManagementSystem.java:19)
Caused by: org.flywaydb.core.internal.sqlscript.FlywaySqlScriptException: Script V2__auth_and_slots.sql failed
------------------------------------
SQL State  : HY000
Error Code : 1822
Message    : Failed to add the foreign key constraint. Missing index for constraint 'fk_users_doctor' in the referenced table 'doctor'
Location   : db/migration/V2__auth_and_slots.sql (D:\HospitalManagementSystem\target\classes\db\migration\V2__auth_and_slots.sql)
Line       : 2
Statement  : Run Flyway with -X option to see the actual statement causing the problem

	at org.flywaydb.core.internal.sqlscript.DefaultSqlScriptExecutor.handleException(DefaultSqlScriptExecutor.java:256)
	at org.flywaydb.core.internal.sqlscript.DefaultSqlScriptExecutor.executeStatement(DefaultSqlScriptExecutor.java:217)
	at org.flywaydb.core.internal.sqlscript.DefaultSqlScriptExecutor.execute(DefaultSqlScriptExecutor.java:137)
	at org.flywaydb.core.internal.resolver.sql.SqlMigrationExecutor.executeOnce(SqlMigrationExecutor.java:75)
	at org.flywaydb.core.internal.resolver.sql.SqlMigrationExecutor.lambda$execute$0(SqlMigrationExecutor.java:66)
	at org.flywaydb.core.internal.database.DefaultExecutionStrategy.execute(DefaultExecutionStrategy.java:31)
	at org.flywaydb.core.internal.resolver.sql.SqlMigrationExecutor.execute(SqlMigrationExecutor.java:65)
	at org.flywaydb.core.internal.command.DbMigrate.doMigrateGroup(DbMigrate.java:391)
	... 15 common frames omitted
Caused by: java.sql.SQLException: Failed to add the foreign key constraint. Missing index for constraint 'fk_users_doctor' in the referenced table 'doctor'
	at com.mysql.cj.jdbc.exceptions.SQLError.createSQLException(SQLError.java:130)
	at com.mysql.cj.jdbc.exceptions.SQLExceptionsMapping.translateException(SQLExceptionsMapping.java:122)
	at com.mysql.cj.jdbc.StatementImpl.executeInternal(StatementImpl.java:763)
	at com.mysql.cj.jdbc.StatementImpl.execute(StatementImpl.java:648)
	at com.zaxxer.hikari.pool.ProxyStatement.execute(ProxyStatement.java:94)
	at com.zaxxer.hikari.pool.HikariProxyStatement.execute(HikariProxyStatement.java)
	at org.flywaydb.core.internal.jdbc.JdbcTemplate.executeStatement(JdbcTemplate.java:210)
	at org.flywaydb.core.internal.sqlscript.ParsedSqlStatement.execute(ParsedSqlStatement.java:88)
	at org.flywaydb.core.internal.sqlscript.DefaultSqlScriptExecutor.executeStatement(DefaultSqlScriptExecutor.java:212)
	... 21 common frames omitted
2026-05-05 10:25:36,427 [main] INFO  c.m.h.HospitalManagementSystem - HMS starting
2026-05-05 10:25:36,464 [main] INFO  com.zaxxer.hikari.HikariDataSource - hms-pool - Starting...
2026-05-05 10:25:36,742 [main] INFO  com.zaxxer.hikari.pool.HikariPool - hms-pool - Added connection com.mysql.cj.jdbc.ConnectionImpl@7d4f9aae
2026-05-05 10:25:36,744 [main] INFO  com.zaxxer.hikari.HikariDataSource - hms-pool - Start completed.
2026-05-05 10:25:36,745 [main] INFO  com.mycompany.hms.db.Database - Hikari pool initialised: max=10 minIdle=2
2026-05-05 10:25:37,093 [main] INFO  org.flywaydb.core.FlywayExecutor - Database: jdbc:mysql://localhost:3306/hospitalmanagementsystem (MySQL 8.0)
2026-05-05 10:25:37,161 [main] ERROR c.m.h.HospitalManagementSystem - Startup failed
org.flywaydb.core.api.exception.FlywayValidateException: Validate failed: Migrations have failed validation
Detected failed migration to version 2 (auth and slots).
Please remove any half-completed changes then run repair to fix the schema history.
Need more flexibility with validation rules? Learn more: https://rd.gt/3AbJUZE
	at org.flywaydb.core.Flyway.lambda$migrate$0(Flyway.java:177)
	at org.flywaydb.core.FlywayExecutor.execute(FlywayExecutor.java:210)
	at org.flywaydb.core.Flyway.migrate(Flyway.java:164)
	at com.mycompany.hms.db.Migrator.migrate(Migrator.java:24)
	at com.mycompany.hospitalmanagementsystem.HospitalManagementSystem.main(HospitalManagementSystem.java:19)
2026-05-05 10:40:22,155 [main] INFO  c.m.h.HospitalManagementSystem - HMS starting
2026-05-05 10:40:22,159 [main] INFO  com.mycompany.hms.db.Migrator - Flyway disabled
2026-05-05 10:40:22,547 [AWT-EventQueue-0] INFO  com.zaxxer.hikari.HikariDataSource - hms-pool - Starting...
2026-05-05 10:41:15,234 [main] INFO  c.m.h.HospitalManagementSystem - HMS starting
2026-05-05 10:41:15,239 [main] INFO  com.mycompany.hms.db.Migrator - Flyway disabled
2026-05-05 10:41:15,552 [AWT-EventQueue-0] INFO  com.zaxxer.hikari.HikariDataSource - hms-pool - Starting...
2026-05-05 10:42:25,455 [main] INFO  c.m.h.HospitalManagementSystem - HMS starting
2026-05-05 10:42:25,482 [main] INFO  com.mycompany.hms.db.Migrator - Flyway disabled
2026-05-05 10:42:25,848 [AWT-EventQueue-0] INFO  com.zaxxer.hikari.HikariDataSource - hms-pool - Starting...
2026-05-05 10:42:26,127 [AWT-EventQueue-0] INFO  com.zaxxer.hikari.pool.HikariPool - hms-pool - Added connection com.mysql.cj.jdbc.ConnectionImpl@3f609c84
2026-05-05 10:42:26,129 [AWT-EventQueue-0] INFO  com.zaxxer.hikari.HikariDataSource - hms-pool - Start completed.
2026-05-05 10:42:26,130 [AWT-EventQueue-0] INFO  com.mycompany.hms.db.Database - Hikari pool initialised: max=10 minIdle=2
2026-05-05 10:53:57,589 [AWT-EventQueue-0] WARN  com.mycompany.hms.ui.UiErrors - UI error surfaced: findByUsername failed
com.mycompany.hms.dao.DataAccessException: findByUsername failed
	at com.mycompany.hms.dao.UserDao.findByUsername(UserDao.java:27)
	at com.mycompany.hms.service.AuthService.login(AuthService.java:26)
	at com.mycompany.hms.ui.LoginFrame.doLogin(LoginFrame.java:91)
	at com.mycompany.hms.ui.LoginFrame.lambda$new$0(LoginFrame.java:60)
	at java.desktop/javax.swing.AbstractButton.fireActionPerformed(AbstractButton.java:1972)
	at java.desktop/javax.swing.AbstractButton$Handler.actionPerformed(AbstractButton.java:2314)
	at java.desktop/javax.swing.DefaultButtonModel.fireActionPerformed(DefaultButtonModel.java:407)
	at java.desktop/javax.swing.DefaultButtonModel.setPressed(DefaultButtonModel.java:262)
	at java.desktop/javax.swing.plaf.basic.BasicButtonListener.mouseReleased(BasicButtonListener.java:279)
	at java.desktop/java.awt.Component.processMouseEvent(Component.java:6570)
	at java.desktop/javax.swing.JComponent.processMouseEvent(JComponent.java:3390)
	at java.desktop/java.awt.Component.processEvent(Component.java:6335)
	at java.desktop/java.awt.Container.processEvent(Container.java:2260)
	at java.desktop/java.awt.Component.dispatchEventImpl(Component.java:4952)
	at java.desktop/java.awt.Container.dispatchEventImpl(Container.java:2318)
	at java.desktop/java.awt.Component.dispatchEvent(Component.java:4784)
	at java.desktop/java.awt.LightweightDispatcher.retargetMouseEvent(Container.java:4917)
	at java.desktop/java.awt.LightweightDispatcher.processMouseEvent(Container.java:4560)
	at java.desktop/java.awt.LightweightDispatcher.dispatchEvent(Container.java:4501)
	at java.desktop/java.awt.Container.dispatchEventImpl(Container.java:2304)
	at java.desktop/java.awt.Window.dispatchEventImpl(Window.java:2667)
	at java.desktop/java.awt.Component.dispatchEvent(Component.java:4784)
	at java.desktop/java.awt.EventQueue.dispatchEventImpl(EventQueue.java:716)
	at java.desktop/java.awt.EventQueue.dispatchEvent(EventQueue.java:693)
	at java.desktop/java.awt.EventDispatchThread.pumpOneEventForFilters(EventDispatchThread.java:203)
	at java.desktop/java.awt.EventDispatchThread.pumpEventsForFilter(EventDispatchThread.java:124)
	at java.desktop/java.awt.EventDispatchThread.pumpEventsForHierarchy(EventDispatchThread.java:113)
	at java.desktop/java.awt.EventDispatchThread.pumpEvents(EventDispatchThread.java:109)
	at java.desktop/java.awt.EventDispatchThread.pumpEvents(EventDispatchThread.java:101)
	at java.desktop/java.awt.EventDispatchThread.run(EventDispatchThread.java:90)
Caused by: java.sql.SQLSyntaxErrorException: Table 'hospitalmanagementsystem.users' doesn't exist
	at com.mysql.cj.jdbc.exceptions.SQLError.createSQLException(SQLError.java:121)
	at com.mysql.cj.jdbc.exceptions.SQLExceptionsMapping.translateException(SQLExceptionsMapping.java:122)
	at com.mysql.cj.jdbc.ClientPreparedStatement.executeInternal(ClientPreparedStatement.java:916)
	at com.mysql.cj.jdbc.ClientPreparedStatement.executeQuery(ClientPreparedStatement.java:972)
	at com.zaxxer.hikari.pool.ProxyPreparedStatement.executeQuery(ProxyPreparedStatement.java:52)
	at com.zaxxer.hikari.pool.HikariProxyPreparedStatement.executeQuery(HikariProxyPreparedStatement.java)
	at com.mycompany.hms.dao.UserDao.findByUsername(UserDao.java:23)
	... 29 common frames omitted
2026-05-05 10:54:09,361 [AWT-EventQueue-0] WARN  com.mycompany.hms.ui.UiErrors - UI error surfaced: findByUsername failed
com.mycompany.hms.dao.DataAccessException: findByUsername failed
	at com.mycompany.hms.dao.UserDao.findByUsername(UserDao.java:27)
	at com.mycompany.hms.service.AuthService.login(AuthService.java:26)
	at com.mycompany.hms.ui.LoginFrame.doLogin(LoginFrame.java:91)
	at com.mycompany.hms.ui.LoginFrame.lambda$new$0(LoginFrame.java:60)
	at java.desktop/javax.swing.AbstractButton.fireActionPerformed(AbstractButton.java:1972)
	at java.desktop/javax.swing.AbstractButton$Handler.actionPerformed(AbstractButton.java:2314)
	at java.desktop/javax.swing.DefaultButtonModel.fireActionPerformed(DefaultButtonModel.java:407)
	at java.desktop/javax.swing.DefaultButtonModel.setPressed(DefaultButtonModel.java:262)
	at java.desktop/javax.swing.plaf.basic.BasicButtonListener.mouseReleased(BasicButtonListener.java:279)
	at java.desktop/java.awt.Component.processMouseEvent(Component.java:6570)
	at java.desktop/javax.swing.JComponent.processMouseEvent(JComponent.java:3390)
	at java.desktop/java.awt.Component.processEvent(Component.java:6335)
	at java.desktop/java.awt.Container.processEvent(Container.java:2260)
	at java.desktop/java.awt.Component.dispatchEventImpl(Component.java:4952)
	at java.desktop/java.awt.Container.dispatchEventImpl(Container.java:2318)
	at java.desktop/java.awt.Component.dispatchEvent(Component.java:4784)
	at java.desktop/java.awt.LightweightDispatcher.retargetMouseEvent(Container.java:4917)
	at java.desktop/java.awt.LightweightDispatcher.processMouseEvent(Container.java:4560)
	at java.desktop/java.awt.LightweightDispatcher.dispatchEvent(Container.java:4501)
	at java.desktop/java.awt.Container.dispatchEventImpl(Container.java:2304)
	at java.desktop/java.awt.Window.dispatchEventImpl(Window.java:2667)
	at java.desktop/java.awt.Component.dispatchEvent(Component.java:4784)
	at java.desktop/java.awt.EventQueue.dispatchEventImpl(EventQueue.java:716)
	at java.desktop/java.awt.EventQueue.dispatchEvent(EventQueue.java:693)
	at java.desktop/java.awt.EventDispatchThread.pumpOneEventForFilters(EventDispatchThread.java:203)
	at java.desktop/java.awt.EventDispatchThread.pumpEventsForFilter(EventDispatchThread.java:124)
	at java.desktop/java.awt.EventDispatchThread.pumpEventsForHierarchy(EventDispatchThread.java:113)
	at java.desktop/java.awt.EventDispatchThread.pumpEvents(EventDispatchThread.java:109)
	at java.desktop/java.awt.EventDispatchThread.pumpEvents(EventDispatchThread.java:101)
	at java.desktop/java.awt.EventDispatchThread.run(EventDispatchThread.java:90)
Caused by: java.sql.SQLSyntaxErrorException: Table 'hospitalmanagementsystem.users' doesn't exist
	at com.mysql.cj.jdbc.exceptions.SQLError.createSQLException(SQLError.java:121)
	at com.mysql.cj.jdbc.exceptions.SQLExceptionsMapping.translateException(SQLExceptionsMapping.java:122)
	at com.mysql.cj.jdbc.ClientPreparedStatement.executeInternal(ClientPreparedStatement.java:916)
	at com.mysql.cj.jdbc.ClientPreparedStatement.executeQuery(ClientPreparedStatement.java:972)
	at com.zaxxer.hikari.pool.ProxyPreparedStatement.executeQuery(ProxyPreparedStatement.java:52)
	at com.zaxxer.hikari.pool.HikariProxyPreparedStatement.executeQuery(HikariProxyPreparedStatement.java)
	at com.mycompany.hms.dao.UserDao.findByUsername(UserDao.java:23)
	... 29 common frames omitted
2026-05-05 11:04:13,268 [hms-shutdown] INFO  com.zaxxer.hikari.HikariDataSource - hms-pool - Shutdown initiated...
2026-05-05 11:04:13,357 [hms-shutdown] INFO  com.zaxxer.hikari.HikariDataSource - hms-pool - Shutdown completed.
2026-05-05 11:04:13,357 [hms-shutdown] INFO  com.mycompany.hms.db.Database - Hikari pool closed
2026-05-05 11:04:16,515 [main] INFO  c.m.h.HospitalManagementSystem - HMS starting
2026-05-05 11:04:16,521 [main] INFO  com.mycompany.hms.db.Migrator - Flyway disabled
2026-05-05 11:04:17,027 [AWT-EventQueue-0] INFO  com.zaxxer.hikari.HikariDataSource - hms-pool - Starting...
2026-05-05 11:04:17,717 [AWT-EventQueue-0] INFO  com.zaxxer.hikari.pool.HikariPool - hms-pool - Added connection com.mysql.cj.jdbc.ConnectionImpl@71454577
2026-05-05 11:04:17,719 [AWT-EventQueue-0] INFO  com.zaxxer.hikari.HikariDataSource - hms-pool - Start completed.
2026-05-05 11:04:17,719 [AWT-EventQueue-0] INFO  com.mycompany.hms.db.Database - Hikari pool initialised: max=10 minIdle=2
2026-05-05 11:04:27,528 [AWT-EventQueue-0] WARN  com.mycompany.hms.ui.UiErrors - UI error surfaced: Invalid credentials
com.mycompany.hms.exception.AuthException: Invalid credentials
	at com.mycompany.hms.service.AuthService.lambda$login$0(AuthService.java:27)
	at java.base/java.util.Optional.orElseThrow(Optional.java:407)
	at com.mycompany.hms.service.AuthService.login(AuthService.java:27)
	at com.mycompany.hms.ui.LoginFrame.doLogin(LoginFrame.java:91)
	at com.mycompany.hms.ui.LoginFrame$1.keyPressed(LoginFrame.java:64)
	at java.desktop/java.awt.AWTEventMulticaster.keyPressed(AWTEventMulticaster.java:260)
	at java.desktop/java.awt.Component.processKeyEvent(Component.java:6528)
	at java.desktop/javax.swing.JComponent.processKeyEvent(JComponent.java:2898)
	at java.desktop/java.awt.Component.processEvent(Component.java:6347)
	at java.desktop/java.awt.Container.processEvent(Container.java:2260)
	at java.desktop/java.awt.Component.dispatchEventImpl(Component.java:4952)
	at java.desktop/java.awt.Container.dispatchEventImpl(Container.java:2318)
	at java.desktop/java.awt.Component.dispatchEvent(Component.java:4784)
	at java.desktop/java.awt.KeyboardFocusManager.redispatchEvent(KeyboardFocusManager.java:1819)
	at java.desktop/java.awt.DefaultKeyboardFocusManager.dispatchKeyEvent(DefaultKeyboardFocusManager.java:874)
	at java.desktop/java.awt.DefaultKeyboardFocusManager.preDispatchKeyEvent(DefaultKeyboardFocusManager.java:1136)
	at java.desktop/java.awt.DefaultKeyboardFocusManager.typeAheadAssertions(DefaultKeyboardFocusManager.java:1011)
	at java.desktop/java.awt.DefaultKeyboardFocusManager.dispatchEvent(DefaultKeyboardFocusManager.java:839)
	at java.desktop/java.awt.Component.dispatchEventImpl(Component.java:4833)
	at java.desktop/java.awt.Container.dispatchEventImpl(Container.java:2318)
	at java.desktop/java.awt.Window.dispatchEventImpl(Window.java:2667)
	at java.desktop/java.awt.Component.dispatchEvent(Component.java:4784)
	at java.desktop/java.awt.EventQueue.dispatchEventImpl(EventQueue.java:716)
	at java.desktop/java.awt.EventQueue.dispatchEvent(EventQueue.java:693)
	at java.desktop/java.awt.EventDispatchThread.pumpOneEventForFilters(EventDispatchThread.java:203)
	at java.desktop/java.awt.EventDispatchThread.pumpEventsForFilter(EventDispatchThread.java:124)
	at java.desktop/java.awt.EventDispatchThread.pumpEventsForHierarchy(EventDispatchThread.java:113)
	at java.desktop/java.awt.EventDispatchThread.pumpEvents(EventDispatchThread.java:109)
	at java.desktop/java.awt.EventDispatchThread.pumpEvents(EventDispatchThread.java:101)
	at java.desktop/java.awt.EventDispatchThread.run(EventDispatchThread.java:90)
2026-05-05 11:05:51,736 [AWT-EventQueue-0] WARN  com.mycompany.hms.ui.UiErrors - UI error surfaced: Password is required
com.mycompany.hms.exception.ValidationException: Password is required
	at com.mycompany.hms.util.Validators.requireNonBlank(Validators.java:16)
	at com.mycompany.hms.service.AuthService.login(AuthService.java:25)
	at com.mycompany.hms.ui.LoginFrame.doLogin(LoginFrame.java:91)
	at com.mycompany.hms.ui.LoginFrame.lambda$new$0(LoginFrame.java:60)
	at java.desktop/javax.swing.AbstractButton.fireActionPerformed(AbstractButton.java:1972)
	at java.desktop/javax.swing.AbstractButton$Handler.actionPerformed(AbstractButton.java:2314)
	at java.desktop/javax.swing.DefaultButtonModel.fireActionPerformed(DefaultButtonModel.java:407)
	at java.desktop/javax.swing.DefaultButtonModel.setPressed(DefaultButtonModel.java:262)
	at java.desktop/javax.swing.plaf.basic.BasicButtonListener.mouseReleased(BasicButtonListener.java:279)
	at java.desktop/java.awt.Component.processMouseEvent(Component.java:6570)
	at java.desktop/javax.swing.JComponent.processMouseEvent(JComponent.java:3390)
	at java.desktop/java.awt.Component.processEvent(Component.java:6335)
	at java.desktop/java.awt.Container.processEvent(Container.java:2260)
	at java.desktop/java.awt.Component.dispatchEventImpl(Component.java:4952)
	at java.desktop/java.awt.Container.dispatchEventImpl(Container.java:2318)
	at java.desktop/java.awt.Component.dispatchEvent(Component.java:4784)
	at java.desktop/java.awt.LightweightDispatcher.retargetMouseEvent(Container.java:4917)
	at java.desktop/java.awt.LightweightDispatcher.processMouseEvent(Container.java:4560)
	at java.desktop/java.awt.LightweightDispatcher.dispatchEvent(Container.java:4501)
	at java.desktop/java.awt.Container.dispatchEventImpl(Container.java:2304)
	at java.desktop/java.awt.Window.dispatchEventImpl(Window.java:2667)
	at java.desktop/java.awt.Component.dispatchEvent(Component.java:4784)
	at java.desktop/java.awt.EventQueue.dispatchEventImpl(EventQueue.java:716)
	at java.desktop/java.awt.EventQueue.dispatchEvent(EventQueue.java:693)
	at java.desktop/java.awt.EventDispatchThread.pumpOneEventForFilters(EventDispatchThread.java:203)
	at java.desktop/java.awt.EventDispatchThread.pumpEventsForFilter(EventDispatchThread.java:124)
	at java.desktop/java.awt.EventDispatchThread.pumpEventsForHierarchy(EventDispatchThread.java:113)
	at java.desktop/java.awt.EventDispatchThread.pumpEvents(EventDispatchThread.java:109)
	at java.desktop/java.awt.EventDispatchThread.pumpEvents(EventDispatchThread.java:101)
	at java.desktop/java.awt.EventDispatchThread.run(EventDispatchThread.java:90)
2026-05-05 11:06:01,196 [AWT-EventQueue-0] WARN  com.mycompany.hms.ui.UiErrors - UI error surfaced: Invalid credentials
com.mycompany.hms.exception.AuthException: Invalid credentials
	at com.mycompany.hms.service.AuthService.lambda$login$0(AuthService.java:27)
	at java.base/java.util.Optional.orElseThrow(Optional.java:407)
	at com.mycompany.hms.service.AuthService.login(AuthService.java:27)
	at com.mycompany.hms.ui.LoginFrame.doLogin(LoginFrame.java:91)
	at com.mycompany.hms.ui.LoginFrame.lambda$new$0(LoginFrame.java:60)
	at java.desktop/javax.swing.AbstractButton.fireActionPerformed(AbstractButton.java:1972)
	at java.desktop/javax.swing.AbstractButton$Handler.actionPerformed(AbstractButton.java:2314)
	at java.desktop/javax.swing.DefaultButtonModel.fireActionPerformed(DefaultButtonModel.java:407)
	at java.desktop/javax.swing.DefaultButtonModel.setPressed(DefaultButtonModel.java:262)
	at java.desktop/javax.swing.plaf.basic.BasicButtonListener.mouseReleased(BasicButtonListener.java:279)
	at java.desktop/java.awt.Component.processMouseEvent(Component.java:6570)
	at java.desktop/javax.swing.JComponent.processMouseEvent(JComponent.java:3390)
	at java.desktop/java.awt.Component.processEvent(Component.java:6335)
	at java.desktop/java.awt.Container.processEvent(Container.java:2260)
	at java.desktop/java.awt.Component.dispatchEventImpl(Component.java:4952)
	at java.desktop/java.awt.Container.dispatchEventImpl(Container.java:2318)
	at java.desktop/java.awt.Component.dispatchEvent(Component.java:4784)
	at java.desktop/java.awt.LightweightDispatcher.retargetMouseEvent(Container.java:4917)
	at java.desktop/java.awt.LightweightDispatcher.processMouseEvent(Container.java:4560)
	at java.desktop/java.awt.LightweightDispatcher.dispatchEvent(Container.java:4501)
	at java.desktop/java.awt.Container.dispatchEventImpl(Container.java:2304)
	at java.desktop/java.awt.Window.dispatchEventImpl(Window.java:2667)
	at java.desktop/java.awt.Component.dispatchEvent(Component.java:4784)
	at java.desktop/java.awt.EventQueue.dispatchEventImpl(EventQueue.java:716)
	at java.desktop/java.awt.EventQueue.dispatchEvent(EventQueue.java:693)
	at java.desktop/java.awt.EventDispatchThread.pumpOneEventForFilters(EventDispatchThread.java:203)
	at java.desktop/java.awt.EventDispatchThread.pumpEventsForFilter(EventDispatchThread.java:124)
	at java.desktop/java.awt.EventDispatchThread.pumpEventsForHierarchy(EventDispatchThread.java:113)
	at java.desktop/java.awt.EventDispatchThread.pumpEvents(EventDispatchThread.java:109)
	at java.desktop/java.awt.EventDispatchThread.pumpEvents(EventDispatchThread.java:101)
	at java.desktop/java.awt.EventDispatchThread.run(EventDispatchThread.java:90)
2026-05-05 11:07:28,689 [AWT-EventQueue-0] WARN  com.mycompany.hms.ui.UiErrors - UI error surfaced: Invalid credentials
com.mycompany.hms.exception.AuthException: Invalid credentials
	at com.mycompany.hms.service.AuthService.login(AuthService.java:29)
	at com.mycompany.hms.ui.LoginFrame.doLogin(LoginFrame.java:91)
	at com.mycompany.hms.ui.LoginFrame.lambda$new$0(LoginFrame.java:60)
	at java.desktop/javax.swing.AbstractButton.fireActionPerformed(AbstractButton.java:1972)
	at java.desktop/javax.swing.AbstractButton$Handler.actionPerformed(AbstractButton.java:2314)
	at java.desktop/javax.swing.DefaultButtonModel.fireActionPerformed(DefaultButtonModel.java:407)
	at java.desktop/javax.swing.DefaultButtonModel.setPressed(DefaultButtonModel.java:262)
	at java.desktop/javax.swing.plaf.basic.BasicButtonListener.mouseReleased(BasicButtonListener.java:279)
	at java.desktop/java.awt.Component.processMouseEvent(Component.java:6570)
	at java.desktop/javax.swing.JComponent.processMouseEvent(JComponent.java:3390)
	at java.desktop/java.awt.Component.processEvent(Component.java:6335)
	at java.desktop/java.awt.Container.processEvent(Container.java:2260)
	at java.desktop/java.awt.Component.dispatchEventImpl(Component.java:4952)
	at java.desktop/java.awt.Container.dispatchEventImpl(Container.java:2318)
	at java.desktop/java.awt.Component.dispatchEvent(Component.java:4784)
	at java.desktop/java.awt.LightweightDispatcher.retargetMouseEvent(Container.java:4917)
	at java.desktop/java.awt.LightweightDispatcher.processMouseEvent(Container.java:4560)
	at java.desktop/java.awt.LightweightDispatcher.dispatchEvent(Container.java:4501)
	at java.desktop/java.awt.Container.dispatchEventImpl(Container.java:2304)
	at java.desktop/java.awt.Window.dispatchEventImpl(Window.java:2667)
	at java.desktop/java.awt.Component.dispatchEvent(Component.java:4784)
	at java.desktop/java.awt.EventQueue.dispatchEventImpl(EventQueue.java:716)
	at java.desktop/java.awt.EventQueue.dispatchEvent(EventQueue.java:693)
	at java.desktop/java.awt.EventDispatchThread.pumpOneEventForFilters(EventDispatchThread.java:203)
	at java.desktop/java.awt.EventDispatchThread.pumpEventsForFilter(EventDispatchThread.java:124)
	at java.desktop/java.awt.EventDispatchThread.pumpEventsForHierarchy(EventDispatchThread.java:113)
	at java.desktop/java.awt.EventDispatchThread.pumpEvents(EventDispatchThread.java:109)
	at java.desktop/java.awt.EventDispatchThread.pumpEvents(EventDispatchThread.java:101)
	at java.desktop/java.awt.EventDispatchThread.run(EventDispatchThread.java:90)
2026-05-05 11:07:32,848 [hms-shutdown] INFO  com.zaxxer.hikari.HikariDataSource - hms-pool - Shutdown initiated...
2026-05-05 11:07:32,872 [hms-shutdown] INFO  com.zaxxer.hikari.HikariDataSource - hms-pool - Shutdown completed.
2026-05-05 11:07:32,884 [hms-shutdown] INFO  com.mycompany.hms.db.Database - Hikari pool closed
2026-05-05 11:08:02,063 [main] INFO  c.m.h.HospitalManagementSystem - HMS starting
2026-05-05 11:08:02,068 [main] INFO  com.mycompany.hms.db.Migrator - Flyway disabled
2026-05-05 11:08:02,413 [AWT-EventQueue-0] INFO  com.zaxxer.hikari.HikariDataSource - hms-pool - Starting...
2026-05-05 11:08:02,941 [AWT-EventQueue-0] INFO  com.zaxxer.hikari.pool.HikariPool - hms-pool - Added connection com.mysql.cj.jdbc.ConnectionImpl@7ef3e2cd
2026-05-05 11:08:02,943 [AWT-EventQueue-0] INFO  com.zaxxer.hikari.HikariDataSource - hms-pool - Start completed.
2026-05-05 11:08:02,943 [AWT-EventQueue-0] INFO  com.mycompany.hms.db.Database - Hikari pool initialised: max=10 minIdle=2
2026-05-05 11:08:13,063 [AWT-EventQueue-0] WARN  com.mycompany.hms.ui.UiErrors - UI error surfaced: Invalid credentials
com.mycompany.hms.exception.AuthException: Invalid credentials
	at com.mycompany.hms.service.AuthService.login(AuthService.java:29)
	at com.mycompany.hms.ui.LoginFrame.doLogin(LoginFrame.java:91)
	at com.mycompany.hms.ui.LoginFrame.lambda$new$0(LoginFrame.java:60)
	at java.desktop/javax.swing.AbstractButton.fireActionPerformed(AbstractButton.java:1972)
	at java.desktop/javax.swing.AbstractButton$Handler.actionPerformed(AbstractButton.java:2314)
	at java.desktop/javax.swing.DefaultButtonModel.fireActionPerformed(DefaultButtonModel.java:407)
	at java.desktop/javax.swing.DefaultButtonModel.setPressed(DefaultButtonModel.java:262)
	at java.desktop/javax.swing.plaf.basic.BasicButtonListener.mouseReleased(BasicButtonListener.java:279)
	at java.desktop/java.awt.Component.processMouseEvent(Component.java:6570)
	at java.desktop/javax.swing.JComponent.processMouseEvent(JComponent.java:3390)
	at java.desktop/java.awt.Component.processEvent(Component.java:6335)
	at java.desktop/java.awt.Container.processEvent(Container.java:2260)
	at java.desktop/java.awt.Component.dispatchEventImpl(Component.java:4952)
	at java.desktop/java.awt.Container.dispatchEventImpl(Container.java:2318)
	at java.desktop/java.awt.Component.dispatchEvent(Component.java:4784)
	at java.desktop/java.awt.LightweightDispatcher.retargetMouseEvent(Container.java:4917)
	at java.desktop/java.awt.LightweightDispatcher.processMouseEvent(Container.java:4560)
	at java.desktop/java.awt.LightweightDispatcher.dispatchEvent(Container.java:4501)
	at java.desktop/java.awt.Container.dispatchEventImpl(Container.java:2304)
	at java.desktop/java.awt.Window.dispatchEventImpl(Window.java:2667)
	at java.desktop/java.awt.Component.dispatchEvent(Component.java:4784)
	at java.desktop/java.awt.EventQueue.dispatchEventImpl(EventQueue.java:716)
	at java.desktop/java.awt.EventQueue.dispatchEvent(EventQueue.java:693)
	at java.desktop/java.awt.EventDispatchThread.pumpOneEventForFilters(EventDispatchThread.java:203)
	at java.desktop/java.awt.EventDispatchThread.pumpEventsForFilter(EventDispatchThread.java:124)
	at java.desktop/java.awt.EventDispatchThread.pumpEventsForHierarchy(EventDispatchThread.java:113)
	at java.desktop/java.awt.EventDispatchThread.pumpEvents(EventDispatchThread.java:109)
	at java.desktop/java.awt.EventDispatchThread.pumpEvents(EventDispatchThread.java:101)
	at java.desktop/java.awt.EventDispatchThread.run(EventDispatchThread.java:90)
2026-05-05 11:11:26,864 [AWT-EventQueue-0] WARN  com.mycompany.hms.ui.UiErrors - UI error surfaced: Invalid credentials
com.mycompany.hms.exception.AuthException: Invalid credentials
	at com.mycompany.hms.service.AuthService.login(AuthService.java:29)
	at com.mycompany.hms.ui.LoginFrame.doLogin(LoginFrame.java:91)
	at com.mycompany.hms.ui.LoginFrame.lambda$new$0(LoginFrame.java:60)
	at java.desktop/javax.swing.AbstractButton.fireActionPerformed(AbstractButton.java:1972)
	at java.desktop/javax.swing.AbstractButton$Handler.actionPerformed(AbstractButton.java:2314)
	at java.desktop/javax.swing.DefaultButtonModel.fireActionPerformed(DefaultButtonModel.java:407)
	at java.desktop/javax.swing.DefaultButtonModel.setPressed(DefaultButtonModel.java:262)
	at java.desktop/javax.swing.plaf.basic.BasicButtonListener.mouseReleased(BasicButtonListener.java:279)
	at java.desktop/java.awt.Component.processMouseEvent(Component.java:6570)
	at java.desktop/javax.swing.JComponent.processMouseEvent(JComponent.java:3390)
	at java.desktop/java.awt.Component.processEvent(Component.java:6335)
	at java.desktop/java.awt.Container.processEvent(Container.java:2260)
	at java.desktop/java.awt.Component.dispatchEventImpl(Component.java:4952)
	at java.desktop/java.awt.Container.dispatchEventImpl(Container.java:2318)
	at java.desktop/java.awt.Component.dispatchEvent(Component.java:4784)
	at java.desktop/java.awt.LightweightDispatcher.retargetMouseEvent(Container.java:4917)
	at java.desktop/java.awt.LightweightDispatcher.processMouseEvent(Container.java:4560)
	at java.desktop/java.awt.LightweightDispatcher.dispatchEvent(Container.java:4501)
	at java.desktop/java.awt.Container.dispatchEventImpl(Container.java:2304)
	at java.desktop/java.awt.Window.dispatchEventImpl(Window.java:2667)
	at java.desktop/java.awt.Component.dispatchEvent(Component.java:4784)
	at java.desktop/java.awt.EventQueue.dispatchEventImpl(EventQueue.java:716)
	at java.desktop/java.awt.EventQueue.dispatchEvent(EventQueue.java:693)
	at java.desktop/java.awt.EventDispatchThread.pumpOneEventForFilters(EventDispatchThread.java:203)
	at java.desktop/java.awt.EventDispatchThread.pumpEventsForFilter(EventDispatchThread.java:124)
	at java.desktop/java.awt.EventDispatchThread.pumpEventsForHierarchy(EventDispatchThread.java:113)
	at java.desktop/java.awt.EventDispatchThread.pumpEvents(EventDispatchThread.java:109)
	at java.desktop/java.awt.EventDispatchThread.pumpEvents(EventDispatchThread.java:101)
	at java.desktop/java.awt.EventDispatchThread.run(EventDispatchThread.java:90)
2026-05-05 11:11:30,537 [hms-shutdown] INFO  com.zaxxer.hikari.HikariDataSource - hms-pool - Shutdown initiated...
2026-05-05 11:11:30,598 [hms-shutdown] INFO  com.zaxxer.hikari.HikariDataSource - hms-pool - Shutdown completed.
2026-05-05 11:11:30,599 [hms-shutdown] INFO  com.mycompany.hms.db.Database - Hikari pool closed
2026-05-05 11:12:26,894 [main] INFO  c.m.h.HospitalManagementSystem - HMS starting
2026-05-05 11:12:26,902 [main] INFO  com.mycompany.hms.db.Migrator - Flyway disabled
2026-05-05 11:12:27,367 [AWT-EventQueue-0] INFO  com.zaxxer.hikari.HikariDataSource - hms-pool - Starting...
2026-05-05 11:12:28,130 [AWT-EventQueue-0] INFO  com.zaxxer.hikari.pool.HikariPool - hms-pool - Added connection com.mysql.cj.jdbc.ConnectionImpl@6e6ba81b
2026-05-05 11:12:28,134 [AWT-EventQueue-0] INFO  com.zaxxer.hikari.HikariDataSource - hms-pool - Start completed.
2026-05-05 11:12:28,134 [AWT-EventQueue-0] INFO  com.mycompany.hms.db.Database - Hikari pool initialised: max=10 minIdle=2
2026-05-05 11:12:42,833 [AWT-EventQueue-0] WARN  com.mycompany.hms.ui.UiErrors - UI error surfaced: Invalid credentials
com.mycompany.hms.exception.AuthException: Invalid credentials
	at com.mycompany.hms.service.AuthService.login(AuthService.java:29)
	at com.mycompany.hms.ui.LoginFrame.doLogin(LoginFrame.java:91)
	at com.mycompany.hms.ui.LoginFrame.lambda$new$0(LoginFrame.java:60)
	at java.desktop/javax.swing.AbstractButton.fireActionPerformed(AbstractButton.java:1972)
	at java.desktop/javax.swing.AbstractButton$Handler.actionPerformed(AbstractButton.java:2314)
	at java.desktop/javax.swing.DefaultButtonModel.fireActionPerformed(DefaultButtonModel.java:407)
	at java.desktop/javax.swing.DefaultButtonModel.setPressed(DefaultButtonModel.java:262)
	at java.desktop/javax.swing.plaf.basic.BasicButtonListener.mouseReleased(BasicButtonListener.java:279)
	at java.desktop/java.awt.Component.processMouseEvent(Component.java:6570)
	at java.desktop/javax.swing.JComponent.processMouseEvent(JComponent.java:3390)
	at java.desktop/java.awt.Component.processEvent(Component.java:6335)
	at java.desktop/java.awt.Container.processEvent(Container.java:2260)
	at java.desktop/java.awt.Component.dispatchEventImpl(Component.java:4952)
	at java.desktop/java.awt.Container.dispatchEventImpl(Container.java:2318)
	at java.desktop/java.awt.Component.dispatchEvent(Component.java:4784)
	at java.desktop/java.awt.LightweightDispatcher.retargetMouseEvent(Container.java:4917)
	at java.desktop/java.awt.LightweightDispatcher.processMouseEvent(Container.java:4560)
	at java.desktop/java.awt.LightweightDispatcher.dispatchEvent(Container.java:4501)
	at java.desktop/java.awt.Container.dispatchEventImpl(Container.java:2304)
	at java.desktop/java.awt.Window.dispatchEventImpl(Window.java:2667)
	at java.desktop/java.awt.Component.dispatchEvent(Component.java:4784)
	at java.desktop/java.awt.EventQueue.dispatchEventImpl(EventQueue.java:716)
	at java.desktop/java.awt.EventQueue.dispatchEvent(EventQueue.java:693)
	at java.desktop/java.awt.EventDispatchThread.pumpOneEventForFilters(EventDispatchThread.java:203)
	at java.desktop/java.awt.EventDispatchThread.pumpEventsForFilter(EventDispatchThread.java:124)
	at java.desktop/java.awt.EventDispatchThread.pumpEventsForHierarchy(EventDispatchThread.java:113)
	at java.desktop/java.awt.EventDispatchThread.pumpEvents(EventDispatchThread.java:109)
	at java.desktop/java.awt.EventDispatchThread.pumpEvents(EventDispatchThread.java:101)
	at java.desktop/java.awt.EventDispatchThread.run(EventDispatchThread.java:90)
2026-05-05 11:15:55,636 [AWT-EventQueue-0] INFO  c.mycompany.hms.service.AuthService - User logged in: admin (ADMIN)
2026-05-05 11:16:43,872 [AWT-EventQueue-0] WARN  com.mycompany.hms.ui.UiErrors - UI error surfaced: Doctor ID must be a whole number
com.mycompany.hms.exception.ValidationException: Doctor ID must be a whole number
	at com.mycompany.hms.util.Validators.requireInt(Validators.java:29)
	at com.mycompany.hospitalmanagementsystem.AddPatient.addPatientBtnActionPerformed(AddPatient.java:194)
	at java.desktop/javax.swing.AbstractButton.fireActionPerformed(AbstractButton.java:1972)
	at java.desktop/javax.swing.AbstractButton$Handler.actionPerformed(AbstractButton.java:2314)
	at java.desktop/javax.swing.DefaultButtonModel.fireActionPerformed(DefaultButtonModel.java:407)
	at java.desktop/javax.swing.DefaultButtonModel.setPressed(DefaultButtonModel.java:262)
	at java.desktop/javax.swing.plaf.basic.BasicButtonListener.mouseReleased(BasicButtonListener.java:279)
	at java.desktop/java.awt.Component.processMouseEvent(Component.java:6570)
	at java.desktop/javax.swing.JComponent.processMouseEvent(JComponent.java:3390)
	at java.desktop/java.awt.Component.processEvent(Component.java:6335)
	at java.desktop/java.awt.Container.processEvent(Container.java:2260)
	at java.desktop/java.awt.Component.dispatchEventImpl(Component.java:4952)
	at java.desktop/java.awt.Container.dispatchEventImpl(Container.java:2318)
	at java.desktop/java.awt.Component.dispatchEvent(Component.java:4784)
	at java.desktop/java.awt.LightweightDispatcher.retargetMouseEvent(Container.java:4917)
	at java.desktop/java.awt.LightweightDispatcher.processMouseEvent(Container.java:4560)
	at java.desktop/java.awt.LightweightDispatcher.dispatchEvent(Container.java:4501)
	at java.desktop/java.awt.Container.dispatchEventImpl(Container.java:2304)
	at java.desktop/java.awt.Window.dispatchEventImpl(Window.java:2667)
	at java.desktop/java.awt.Component.dispatchEvent(Component.java:4784)
	at java.desktop/java.awt.EventQueue.dispatchEventImpl(EventQueue.java:716)
	at java.desktop/java.awt.EventQueue.dispatchEvent(EventQueue.java:693)
	at java.desktop/java.awt.EventDispatchThread.pumpOneEventForFilters(EventDispatchThread.java:203)
	at java.desktop/java.awt.EventDispatchThread.pumpEventsForFilter(EventDispatchThread.java:124)
	at java.desktop/java.awt.EventDispatchThread.pumpEventsForHierarchy(EventDispatchThread.java:113)
	at java.desktop/java.awt.EventDispatchThread.pumpEvents(EventDispatchThread.java:109)
	at java.desktop/java.awt.EventDispatchThread.pumpEvents(EventDispatchThread.java:101)
	at java.desktop/java.awt.EventDispatchThread.run(EventDispatchThread.java:90)
2026-05-05 11:16:54,053 [AWT-EventQueue-0] WARN  com.mycompany.hms.ui.UiErrors - UI error surfaced: Doctor 12 does not exist
com.mycompany.hms.exception.NotFoundException: Doctor 12 does not exist
	at com.mycompany.hms.service.PatientService.add(PatientService.java:32)
	at com.mycompany.hospitalmanagementsystem.AddPatient.addPatientBtnActionPerformed(AddPatient.java:195)
	at java.desktop/javax.swing.AbstractButton.fireActionPerformed(AbstractButton.java:1972)
	at java.desktop/javax.swing.AbstractButton$Handler.actionPerformed(AbstractButton.java:2314)
	at java.desktop/javax.swing.DefaultButtonModel.fireActionPerformed(DefaultButtonModel.java:407)
	at java.desktop/javax.swing.DefaultButtonModel.setPressed(DefaultButtonModel.java:262)
	at java.desktop/javax.swing.plaf.basic.BasicButtonListener.mouseReleased(BasicButtonListener.java:279)
	at java.desktop/java.awt.Component.processMouseEvent(Component.java:6570)
	at java.desktop/javax.swing.JComponent.processMouseEvent(JComponent.java:3390)
	at java.desktop/java.awt.Component.processEvent(Component.java:6335)
	at java.desktop/java.awt.Container.processEvent(Container.java:2260)
	at java.desktop/java.awt.Component.dispatchEventImpl(Component.java:4952)
	at java.desktop/java.awt.Container.dispatchEventImpl(Container.java:2318)
	at java.desktop/java.awt.Component.dispatchEvent(Component.java:4784)
	at java.desktop/java.awt.LightweightDispatcher.retargetMouseEvent(Container.java:4917)
	at java.desktop/java.awt.LightweightDispatcher.processMouseEvent(Container.java:4560)
	at java.desktop/java.awt.LightweightDispatcher.dispatchEvent(Container.java:4501)
	at java.desktop/java.awt.Container.dispatchEventImpl(Container.java:2304)
	at java.desktop/java.awt.Window.dispatchEventImpl(Window.java:2667)
	at java.desktop/java.awt.Component.dispatchEvent(Component.java:4784)
	at java.desktop/java.awt.EventQueue.dispatchEventImpl(EventQueue.java:716)
	at java.desktop/java.awt.EventQueue.dispatchEvent(EventQueue.java:693)
	at java.desktop/java.awt.EventDispatchThread.pumpOneEventForFilters(EventDispatchThread.java:203)
	at java.desktop/java.awt.EventDispatchThread.pumpEventsForFilter(EventDispatchThread.java:124)
	at java.desktop/java.awt.EventDispatchThread.pumpEventsForHierarchy(EventDispatchThread.java:113)
	at java.desktop/java.awt.EventDispatchThread.pumpEvents(EventDispatchThread.java:109)
	at java.desktop/java.awt.EventDispatchThread.pumpEvents(EventDispatchThread.java:101)
	at java.desktop/java.awt.EventDispatchThread.run(EventDispatchThread.java:90)
2026-05-05 11:17:00,663 [AWT-EventQueue-0] WARN  com.mycompany.hms.ui.UiErrors - UI error surfaced: Doctor 11 does not exist
com.mycompany.hms.exception.NotFoundException: Doctor 11 does not exist
	at com.mycompany.hms.service.PatientService.add(PatientService.java:32)
	at com.mycompany.hospitalmanagementsystem.AddPatient.addPatientBtnActionPerformed(AddPatient.java:195)
	at java.desktop/javax.swing.AbstractButton.fireActionPerformed(AbstractButton.java:1972)
	at java.desktop/javax.swing.AbstractButton$Handler.actionPerformed(AbstractButton.java:2314)
	at java.desktop/javax.swing.DefaultButtonModel.fireActionPerformed(DefaultButtonModel.java:407)
	at java.desktop/javax.swing.DefaultButtonModel.setPressed(DefaultButtonModel.java:262)
	at java.desktop/javax.swing.plaf.basic.BasicButtonListener.mouseReleased(BasicButtonListener.java:279)
	at java.desktop/java.awt.Component.processMouseEvent(Component.java:6570)
	at java.desktop/javax.swing.JComponent.processMouseEvent(JComponent.java:3390)
	at java.desktop/java.awt.Component.processEvent(Component.java:6335)
	at java.desktop/java.awt.Container.processEvent(Container.java:2260)
	at java.desktop/java.awt.Component.dispatchEventImpl(Component.java:4952)
	at java.desktop/java.awt.Container.dispatchEventImpl(Container.java:2318)
	at java.desktop/java.awt.Component.dispatchEvent(Component.java:4784)
	at java.desktop/java.awt.LightweightDispatcher.retargetMouseEvent(Container.java:4917)
	at java.desktop/java.awt.LightweightDispatcher.processMouseEvent(Container.java:4560)
	at java.desktop/java.awt.LightweightDispatcher.dispatchEvent(Container.java:4501)
	at java.desktop/java.awt.Container.dispatchEventImpl(Container.java:2304)
	at java.desktop/java.awt.Window.dispatchEventImpl(Window.java:2667)
	at java.desktop/java.awt.Component.dispatchEvent(Component.java:4784)
	at java.desktop/java.awt.EventQueue.dispatchEventImpl(EventQueue.java:716)
	at java.desktop/java.awt.EventQueue.dispatchEvent(EventQueue.java:693)
	at java.desktop/java.awt.EventDispatchThread.pumpOneEventForFilters(EventDispatchThread.java:203)
	at java.desktop/java.awt.EventDispatchThread.pumpEventsForFilter(EventDispatchThread.java:124)
	at java.desktop/java.awt.EventDispatchThread.pumpEventsForHierarchy(EventDispatchThread.java:113)
	at java.desktop/java.awt.EventDispatchThread.pumpEvents(EventDispatchThread.java:109)
	at java.desktop/java.awt.EventDispatchThread.pumpEvents(EventDispatchThread.java:101)
	at java.desktop/java.awt.EventDispatchThread.run(EventDispatchThread.java:90)
2026-05-05 11:17:17,479 [AWT-EventQueue-0] WARN  com.mycompany.hms.ui.UiErrors - UI error surfaced: insert patient failed
com.mycompany.hms.dao.DataAccessException: insert patient failed
	at com.mycompany.hms.dao.PatientDao.insert(PatientDao.java:35)
	at com.mycompany.hms.service.PatientService.add(PatientService.java:34)
	at com.mycompany.hospitalmanagementsystem.AddPatient.addPatientBtnActionPerformed(AddPatient.java:195)
	at java.desktop/javax.swing.AbstractButton.fireActionPerformed(AbstractButton.java:1972)
	at java.desktop/javax.swing.AbstractButton$Handler.actionPerformed(AbstractButton.java:2314)
	at java.desktop/javax.swing.DefaultButtonModel.fireActionPerformed(DefaultButtonModel.java:407)
	at java.desktop/javax.swing.DefaultButtonModel.setPressed(DefaultButtonModel.java:262)
	at java.desktop/javax.swing.plaf.basic.BasicButtonListener.mouseReleased(BasicButtonListener.java:279)
	at java.desktop/java.awt.Component.processMouseEvent(Component.java:6570)
	at java.desktop/javax.swing.JComponent.processMouseEvent(JComponent.java:3390)
	at java.desktop/java.awt.Component.processEvent(Component.java:6335)
	at java.desktop/java.awt.Container.processEvent(Container.java:2260)
	at java.desktop/java.awt.Component.dispatchEventImpl(Component.java:4952)
	at java.desktop/java.awt.Container.dispatchEventImpl(Container.java:2318)
	at java.desktop/java.awt.Component.dispatchEvent(Component.java:4784)
	at java.desktop/java.awt.LightweightDispatcher.retargetMouseEvent(Container.java:4917)
	at java.desktop/java.awt.LightweightDispatcher.processMouseEvent(Container.java:4560)
	at java.desktop/java.awt.LightweightDispatcher.dispatchEvent(Container.java:4501)
	at java.desktop/java.awt.Container.dispatchEventImpl(Container.java:2304)
	at java.desktop/java.awt.Window.dispatchEventImpl(Window.java:2667)
	at java.desktop/java.awt.Component.dispatchEvent(Component.java:4784)
	at java.desktop/java.awt.EventQueue.dispatchEventImpl(EventQueue.java:716)
	at java.desktop/java.awt.EventQueue.dispatchEvent(EventQueue.java:693)
	at java.desktop/java.awt.EventDispatchThread.pumpOneEventForFilters(EventDispatchThread.java:203)
	at java.desktop/java.awt.EventDispatchThread.pumpEventsForFilter(EventDispatchThread.java:124)
	at java.desktop/java.awt.EventDispatchThread.pumpEventsForHierarchy(EventDispatchThread.java:113)
	at java.desktop/java.awt.EventDispatchThread.pumpEvents(EventDispatchThread.java:109)
	at java.desktop/java.awt.EventDispatchThread.pumpEvents(EventDispatchThread.java:101)
	at java.desktop/java.awt.EventDispatchThread.run(EventDispatchThread.java:90)
Caused by: java.sql.SQLSyntaxErrorException: Unknown column 'doctor_id' in 'field list'
	at com.mysql.cj.jdbc.exceptions.SQLError.createSQLException(SQLError.java:121)
	at com.mysql.cj.jdbc.exceptions.SQLExceptionsMapping.translateException(SQLExceptionsMapping.java:122)
	at com.mysql.cj.jdbc.ClientPreparedStatement.executeInternal(ClientPreparedStatement.java:916)
	at com.mysql.cj.jdbc.ClientPreparedStatement.executeUpdateInternal(ClientPreparedStatement.java:1061)
	at com.mysql.cj.jdbc.ClientPreparedStatement.executeUpdateInternal(ClientPreparedStatement.java:1009)
	at com.mysql.cj.jdbc.ClientPreparedStatement.executeLargeUpdate(ClientPreparedStatement.java:1320)
	at com.mysql.cj.jdbc.ClientPreparedStatement.executeUpdate(ClientPreparedStatement.java:994)
	at com.zaxxer.hikari.pool.ProxyPreparedStatement.executeUpdate(ProxyPreparedStatement.java:61)
	at com.zaxxer.hikari.pool.HikariProxyPreparedStatement.executeUpdate(HikariProxyPreparedStatement.java)
	at com.mycompany.hms.dao.PatientDao.insert(PatientDao.java:29)
	... 28 common frames omitted
2026-05-05 11:17:24,766 [AWT-EventQueue-0] WARN  com.mycompany.hms.ui.UiErrors - UI error surfaced: insert patient failed
com.mycompany.hms.dao.DataAccessException: insert patient failed
	at com.mycompany.hms.dao.PatientDao.insert(PatientDao.java:35)
	at com.mycompany.hms.service.PatientService.add(PatientService.java:34)
	at com.mycompany.hospitalmanagementsystem.AddPatient.addPatientBtnActionPerformed(AddPatient.java:195)
	at java.desktop/javax.swing.AbstractButton.fireActionPerformed(AbstractButton.java:1972)
	at java.desktop/javax.swing.AbstractButton$Handler.actionPerformed(AbstractButton.java:2314)
	at java.desktop/javax.swing.DefaultButtonModel.fireActionPerformed(DefaultButtonModel.java:407)
	at java.desktop/javax.swing.DefaultButtonModel.setPressed(DefaultButtonModel.java:262)
	at java.desktop/javax.swing.plaf.basic.BasicButtonListener.mouseReleased(BasicButtonListener.java:279)
	at java.desktop/java.awt.Component.processMouseEvent(Component.java:6570)
	at java.desktop/javax.swing.JComponent.processMouseEvent(JComponent.java:3390)
	at java.desktop/java.awt.Component.processEvent(Component.java:6335)
	at java.desktop/java.awt.Container.processEvent(Container.java:2260)
	at java.desktop/java.awt.Component.dispatchEventImpl(Component.java:4952)
	at java.desktop/java.awt.Container.dispatchEventImpl(Container.java:2318)
	at java.desktop/java.awt.Component.dispatchEvent(Component.java:4784)
	at java.desktop/java.awt.LightweightDispatcher.retargetMouseEvent(Container.java:4917)
	at java.desktop/java.awt.LightweightDispatcher.processMouseEvent(Container.java:4560)
	at java.desktop/java.awt.LightweightDispatcher.dispatchEvent(Container.java:4501)
	at java.desktop/java.awt.Container.dispatchEventImpl(Container.java:2304)
	at java.desktop/java.awt.Window.dispatchEventImpl(Window.java:2667)
	at java.desktop/java.awt.Component.dispatchEvent(Component.java:4784)
	at java.desktop/java.awt.EventQueue.dispatchEventImpl(EventQueue.java:716)
	at java.desktop/java.awt.EventQueue.dispatchEvent(EventQueue.java:693)
	at java.desktop/java.awt.EventDispatchThread.pumpOneEventForFilters(EventDispatchThread.java:203)
	at java.desktop/java.awt.EventDispatchThread.pumpEventsForFilter(EventDispatchThread.java:124)
	at java.desktop/java.awt.EventDispatchThread.pumpEventsForHierarchy(EventDispatchThread.java:113)
	at java.desktop/java.awt.EventDispatchThread.pumpEvents(EventDispatchThread.java:109)
	at java.desktop/java.awt.EventDispatchThread.pumpEvents(EventDispatchThread.java:101)
	at java.desktop/java.awt.EventDispatchThread.run(EventDispatchThread.java:90)
Caused by: java.sql.SQLSyntaxErrorException: Unknown column 'doctor_id' in 'field list'
	at com.mysql.cj.jdbc.exceptions.SQLError.createSQLException(SQLError.java:121)
	at com.mysql.cj.jdbc.exceptions.SQLExceptionsMapping.translateException(SQLExceptionsMapping.java:122)
	at com.mysql.cj.jdbc.ClientPreparedStatement.executeInternal(ClientPreparedStatement.java:916)
	at com.mysql.cj.jdbc.ClientPreparedStatement.executeUpdateInternal(ClientPreparedStatement.java:1061)
	at com.mysql.cj.jdbc.ClientPreparedStatement.executeUpdateInternal(ClientPreparedStatement.java:1009)
	at com.mysql.cj.jdbc.ClientPreparedStatement.executeLargeUpdate(ClientPreparedStatement.java:1320)
	at com.mysql.cj.jdbc.ClientPreparedStatement.executeUpdate(ClientPreparedStatement.java:994)
	at com.zaxxer.hikari.pool.ProxyPreparedStatement.executeUpdate(ProxyPreparedStatement.java:61)
	at com.zaxxer.hikari.pool.HikariProxyPreparedStatement.executeUpdate(HikariProxyPreparedStatement.java)
	at com.mycompany.hms.dao.PatientDao.insert(PatientDao.java:29)
	... 28 common frames omitted
2026-05-05 11:17:31,697 [AWT-EventQueue-0] WARN  com.mycompany.hms.ui.UiErrors - UI error surfaced: Doctor ID must be a whole number
com.mycompany.hms.exception.ValidationException: Doctor ID must be a whole number
	at com.mycompany.hms.util.Validators.requireInt(Validators.java:29)
	at com.mycompany.hospitalmanagementsystem.AddPatient.addPatientBtnActionPerformed(AddPatient.java:194)
	at java.desktop/javax.swing.AbstractButton.fireActionPerformed(AbstractButton.java:1972)
	at java.desktop/javax.swing.AbstractButton$Handler.actionPerformed(AbstractButton.java:2314)
	at java.desktop/javax.swing.DefaultButtonModel.fireActionPerformed(DefaultButtonModel.java:407)
	at java.desktop/javax.swing.DefaultButtonModel.setPressed(DefaultButtonModel.java:262)
	at java.desktop/javax.swing.plaf.basic.BasicButtonListener.mouseReleased(BasicButtonListener.java:279)
	at java.desktop/java.awt.Component.processMouseEvent(Component.java:6570)
	at java.desktop/javax.swing.JComponent.processMouseEvent(JComponent.java:3390)
	at java.desktop/java.awt.Component.processEvent(Component.java:6335)
	at java.desktop/java.awt.Container.processEvent(Container.java:2260)
	at java.desktop/java.awt.Component.dispatchEventImpl(Component.java:4952)
	at java.desktop/java.awt.Container.dispatchEventImpl(Container.java:2318)
	at java.desktop/java.awt.Component.dispatchEvent(Component.java:4784)
	at java.desktop/java.awt.LightweightDispatcher.retargetMouseEvent(Container.java:4917)
	at java.desktop/java.awt.LightweightDispatcher.processMouseEvent(Container.java:4560)
	at java.desktop/java.awt.LightweightDispatcher.dispatchEvent(Container.java:4501)
	at java.desktop/java.awt.Container.dispatchEventImpl(Container.java:2304)
	at java.desktop/java.awt.Window.dispatchEventImpl(Window.java:2667)
	at java.desktop/java.awt.Component.dispatchEvent(Component.java:4784)
	at java.desktop/java.awt.EventQueue.dispatchEventImpl(EventQueue.java:716)
	at java.desktop/java.awt.EventQueue.dispatchEvent(EventQueue.java:693)
	at java.desktop/java.awt.EventDispatchThread.pumpOneEventForFilters(EventDispatchThread.java:203)
	at java.desktop/java.awt.EventDispatchThread.pumpEventsForFilter(EventDispatchThread.java:124)
	at java.desktop/java.awt.EventDispatchThread.pumpEventsForHierarchy(EventDispatchThread.java:113)
	at java.desktop/java.awt.EventDispatchThread.pumpEvents(EventDispatchThread.java:109)
	at java.desktop/java.awt.EventDispatchThread.pumpEvents(EventDispatchThread.java:101)
	at java.desktop/java.awt.EventDispatchThread.run(EventDispatchThread.java:90)
2026-05-05 11:17:43,654 [AWT-EventQueue-0] WARN  com.mycompany.hms.ui.UiErrors - UI error surfaced: insert patient failed
com.mycompany.hms.dao.DataAccessException: insert patient failed
	at com.mycompany.hms.dao.PatientDao.insert(PatientDao.java:35)
	at com.mycompany.hms.service.PatientService.add(PatientService.java:34)
	at com.mycompany.hospitalmanagementsystem.AddPatient.addPatientBtnActionPerformed(AddPatient.java:195)
	at java.desktop/javax.swing.AbstractButton.fireActionPerformed(AbstractButton.java:1972)
	at java.desktop/javax.swing.AbstractButton$Handler.actionPerformed(AbstractButton.java:2314)
	at java.desktop/javax.swing.DefaultButtonModel.fireActionPerformed(DefaultButtonModel.java:407)
	at java.desktop/javax.swing.DefaultButtonModel.setPressed(DefaultButtonModel.java:262)
	at java.desktop/javax.swing.plaf.basic.BasicButtonListener.mouseReleased(BasicButtonListener.java:279)
	at java.desktop/java.awt.Component.processMouseEvent(Component.java:6570)
	at java.desktop/javax.swing.JComponent.processMouseEvent(JComponent.java:3390)
	at java.desktop/java.awt.Component.processEvent(Component.java:6335)
	at java.desktop/java.awt.Container.processEvent(Container.java:2260)
	at java.desktop/java.awt.Component.dispatchEventImpl(Component.java:4952)
	at java.desktop/java.awt.Container.dispatchEventImpl(Container.java:2318)
	at java.desktop/java.awt.Component.dispatchEvent(Component.java:4784)
	at java.desktop/java.awt.LightweightDispatcher.retargetMouseEvent(Container.java:4917)
	at java.desktop/java.awt.LightweightDispatcher.processMouseEvent(Container.java:4560)
	at java.desktop/java.awt.LightweightDispatcher.dispatchEvent(Container.java:4501)
	at java.desktop/java.awt.Container.dispatchEventImpl(Container.java:2304)
	at java.desktop/java.awt.Window.dispatchEventImpl(Window.java:2667)
	at java.desktop/java.awt.Component.dispatchEvent(Component.java:4784)
	at java.desktop/java.awt.EventQueue.dispatchEventImpl(EventQueue.java:716)
	at java.desktop/java.awt.EventQueue.dispatchEvent(EventQueue.java:693)
	at java.desktop/java.awt.EventDispatchThread.pumpOneEventForFilters(EventDispatchThread.java:203)
	at java.desktop/java.awt.EventDispatchThread.pumpEventsForFilter(EventDispatchThread.java:124)
	at java.desktop/java.awt.EventDispatchThread.pumpEventsForHierarchy(EventDispatchThread.java:113)
	at java.desktop/java.awt.EventDispatchThread.pumpEvents(EventDispatchThread.java:109)
	at java.desktop/java.awt.EventDispatchThread.pumpEvents(EventDispatchThread.java:101)
	at java.desktop/java.awt.EventDispatchThread.run(EventDispatchThread.java:90)
Caused by: java.sql.SQLSyntaxErrorException: Unknown column 'doctor_id' in 'field list'
	at com.mysql.cj.jdbc.exceptions.SQLError.createSQLException(SQLError.java:121)
	at com.mysql.cj.jdbc.exceptions.SQLExceptionsMapping.translateException(SQLExceptionsMapping.java:122)
	at com.mysql.cj.jdbc.ClientPreparedStatement.executeInternal(ClientPreparedStatement.java:916)
	at com.mysql.cj.jdbc.ClientPreparedStatement.executeUpdateInternal(ClientPreparedStatement.java:1061)
	at com.mysql.cj.jdbc.ClientPreparedStatement.executeUpdateInternal(ClientPreparedStatement.java:1009)
	at com.mysql.cj.jdbc.ClientPreparedStatement.executeLargeUpdate(ClientPreparedStatement.java:1320)
	at com.mysql.cj.jdbc.ClientPreparedStatement.executeUpdate(ClientPreparedStatement.java:994)
	at com.zaxxer.hikari.pool.ProxyPreparedStatement.executeUpdate(ProxyPreparedStatement.java:61)
	at com.zaxxer.hikari.pool.HikariProxyPreparedStatement.executeUpdate(HikariProxyPreparedStatement.java)
	at com.mycompany.hms.dao.PatientDao.insert(PatientDao.java:29)
	... 28 common frames omitted
2026-05-05 11:20:43,244 [AWT-EventQueue-0] WARN  com.mycompany.hms.ui.UiErrors - UI error surfaced: insert patient failed
com.mycompany.hms.dao.DataAccessException: insert patient failed
	at com.mycompany.hms.dao.PatientDao.insert(PatientDao.java:35)
	at com.mycompany.hms.service.PatientService.add(PatientService.java:34)
	at com.mycompany.hospitalmanagementsystem.AddPatient.addPatientBtnActionPerformed(AddPatient.java:195)
	at java.desktop/javax.swing.AbstractButton.fireActionPerformed(AbstractButton.java:1972)
	at java.desktop/javax.swing.AbstractButton$Handler.actionPerformed(AbstractButton.java:2314)
	at java.desktop/javax.swing.DefaultButtonModel.fireActionPerformed(DefaultButtonModel.java:407)
	at java.desktop/javax.swing.DefaultButtonModel.setPressed(DefaultButtonModel.java:262)
	at java.desktop/javax.swing.plaf.basic.BasicButtonListener.mouseReleased(BasicButtonListener.java:279)
	at java.desktop/java.awt.Component.processMouseEvent(Component.java:6570)
	at java.desktop/javax.swing.JComponent.processMouseEvent(JComponent.java:3390)
	at java.desktop/java.awt.Component.processEvent(Component.java:6335)
	at java.desktop/java.awt.Container.processEvent(Container.java:2260)
	at java.desktop/java.awt.Component.dispatchEventImpl(Component.java:4952)
	at java.desktop/java.awt.Container.dispatchEventImpl(Container.java:2318)
	at java.desktop/java.awt.Component.dispatchEvent(Component.java:4784)
	at java.desktop/java.awt.LightweightDispatcher.retargetMouseEvent(Container.java:4917)
	at java.desktop/java.awt.LightweightDispatcher.processMouseEvent(Container.java:4560)
	at java.desktop/java.awt.LightweightDispatcher.dispatchEvent(Container.java:4501)
	at java.desktop/java.awt.Container.dispatchEventImpl(Container.java:2304)
	at java.desktop/java.awt.Window.dispatchEventImpl(Window.java:2667)
	at java.desktop/java.awt.Component.dispatchEvent(Component.java:4784)
	at java.desktop/java.awt.EventQueue.dispatchEventImpl(EventQueue.java:716)
	at java.desktop/java.awt.EventQueue.dispatchEvent(EventQueue.java:693)
	at java.desktop/java.awt.EventDispatchThread.pumpOneEventForFilters(EventDispatchThread.java:203)
	at java.desktop/java.awt.EventDispatchThread.pumpEventsForFilter(EventDispatchThread.java:124)
	at java.desktop/java.awt.EventDispatchThread.pumpEventsForHierarchy(EventDispatchThread.java:113)
	at java.desktop/java.awt.EventDispatchThread.pumpEvents(EventDispatchThread.java:109)
	at java.desktop/java.awt.EventDispatchThread.pumpEvents(EventDispatchThread.java:101)
	at java.desktop/java.awt.EventDispatchThread.run(EventDispatchThread.java:90)
Caused by: java.sql.SQLSyntaxErrorException: Unknown column 'doctor_id' in 'field list'
	at com.mysql.cj.jdbc.exceptions.SQLError.createSQLException(SQLError.java:121)
	at com.mysql.cj.jdbc.exceptions.SQLExceptionsMapping.translateException(SQLExceptionsMapping.java:122)
	at com.mysql.cj.jdbc.ClientPreparedStatement.executeInternal(ClientPreparedStatement.java:916)
	at com.mysql.cj.jdbc.ClientPreparedStatement.executeUpdateInternal(ClientPreparedStatement.java:1061)
	at com.mysql.cj.jdbc.ClientPreparedStatement.executeUpdateInternal(ClientPreparedStatement.java:1009)
	at com.mysql.cj.jdbc.ClientPreparedStatement.executeLargeUpdate(ClientPreparedStatement.java:1320)
	at com.mysql.cj.jdbc.ClientPreparedStatement.executeUpdate(ClientPreparedStatement.java:994)
	at com.zaxxer.hikari.pool.ProxyPreparedStatement.executeUpdate(ProxyPreparedStatement.java:61)
	at com.zaxxer.hikari.pool.HikariProxyPreparedStatement.executeUpdate(HikariProxyPreparedStatement.java)
	at com.mycompany.hms.dao.PatientDao.insert(PatientDao.java:29)
	... 28 common frames omitted
2026-05-05 11:21:02,991 [AWT-EventQueue-0] WARN  com.mycompany.hms.ui.UiErrors - UI error surfaced: insert patient failed
com.mycompany.hms.dao.DataAccessException: insert patient failed
	at com.mycompany.hms.dao.PatientDao.insert(PatientDao.java:35)
	at com.mycompany.hms.service.PatientService.add(PatientService.java:34)
	at com.mycompany.hospitalmanagementsystem.AddPatient.addPatientBtnActionPerformed(AddPatient.java:195)
	at java.desktop/javax.swing.AbstractButton.fireActionPerformed(AbstractButton.java:1972)
	at java.desktop/javax.swing.AbstractButton$Handler.actionPerformed(AbstractButton.java:2314)
	at java.desktop/javax.swing.DefaultButtonModel.fireActionPerformed(DefaultButtonModel.java:407)
	at java.desktop/javax.swing.DefaultButtonModel.setPressed(DefaultButtonModel.java:262)
	at java.desktop/javax.swing.plaf.basic.BasicButtonListener.mouseReleased(BasicButtonListener.java:279)
	at java.desktop/java.awt.Component.processMouseEvent(Component.java:6570)
	at java.desktop/javax.swing.JComponent.processMouseEvent(JComponent.java:3390)
	at java.desktop/java.awt.Component.processEvent(Component.java:6335)
	at java.desktop/java.awt.Container.processEvent(Container.java:2260)
	at java.desktop/java.awt.Component.dispatchEventImpl(Component.java:4952)
	at java.desktop/java.awt.Container.dispatchEventImpl(Container.java:2318)
	at java.desktop/java.awt.Component.dispatchEvent(Component.java:4784)
	at java.desktop/java.awt.LightweightDispatcher.retargetMouseEvent(Container.java:4917)
	at java.desktop/java.awt.LightweightDispatcher.processMouseEvent(Container.java:4560)
	at java.desktop/java.awt.LightweightDispatcher.dispatchEvent(Container.java:4501)
	at java.desktop/java.awt.Container.dispatchEventImpl(Container.java:2304)
	at java.desktop/java.awt.Window.dispatchEventImpl(Window.java:2667)
	at java.desktop/java.awt.Component.dispatchEvent(Component.java:4784)
	at java.desktop/java.awt.EventQueue.dispatchEventImpl(EventQueue.java:716)
	at java.desktop/java.awt.EventQueue.dispatchEvent(EventQueue.java:693)
	at java.desktop/java.awt.EventDispatchThread.pumpOneEventForFilters(EventDispatchThread.java:203)
	at java.desktop/java.awt.EventDispatchThread.pumpEventsForFilter(EventDispatchThread.java:124)
	at java.desktop/java.awt.EventDispatchThread.pumpEventsForHierarchy(EventDispatchThread.java:113)
	at java.desktop/java.awt.EventDispatchThread.pumpEvents(EventDispatchThread.java:109)
	at java.desktop/java.awt.EventDispatchThread.pumpEvents(EventDispatchThread.java:101)
	at java.desktop/java.awt.EventDispatchThread.run(EventDispatchThread.java:90)
Caused by: java.sql.SQLSyntaxErrorException: Unknown column 'doctor_id' in 'field list'
	at com.mysql.cj.jdbc.exceptions.SQLError.createSQLException(SQLError.java:121)
	at com.mysql.cj.jdbc.exceptions.SQLExceptionsMapping.translateException(SQLExceptionsMapping.java:122)
	at com.mysql.cj.jdbc.ClientPreparedStatement.executeInternal(ClientPreparedStatement.java:916)
	at com.mysql.cj.jdbc.ClientPreparedStatement.executeUpdateInternal(ClientPreparedStatement.java:1061)
	at com.mysql.cj.jdbc.ClientPreparedStatement.executeUpdateInternal(ClientPreparedStatement.java:1009)
	at com.mysql.cj.jdbc.ClientPreparedStatement.executeLargeUpdate(ClientPreparedStatement.java:1320)
	at com.mysql.cj.jdbc.ClientPreparedStatement.executeUpdate(ClientPreparedStatement.java:994)
	at com.zaxxer.hikari.pool.ProxyPreparedStatement.executeUpdate(ProxyPreparedStatement.java:61)
	at com.zaxxer.hikari.pool.HikariProxyPreparedStatement.executeUpdate(HikariProxyPreparedStatement.java)
	at com.mycompany.hms.dao.PatientDao.insert(PatientDao.java:29)
	... 28 common frames omitted
2026-05-05 11:36:45,686 [hms-shutdown] INFO  com.zaxxer.hikari.HikariDataSource - hms-pool - Shutdown initiated...
2026-05-05 11:36:45,764 [hms-shutdown] INFO  com.zaxxer.hikari.HikariDataSource - hms-pool - Shutdown completed.
2026-05-05 11:36:45,764 [hms-shutdown] INFO  com.mycompany.hms.db.Database - Hikari pool closed
2026-05-05 11:36:55,326 [main] INFO  c.m.h.HospitalManagementSystem - HMS starting
2026-05-05 11:36:55,331 [main] INFO  com.mycompany.hms.db.Migrator - Flyway disabled
2026-05-05 11:36:55,632 [AWT-EventQueue-0] INFO  com.zaxxer.hikari.HikariDataSource - hms-pool - Starting...
2026-05-05 11:36:56,154 [AWT-EventQueue-0] INFO  com.zaxxer.hikari.pool.HikariPool - hms-pool - Added connection com.mysql.cj.jdbc.ConnectionImpl@6e6ba81b
2026-05-05 11:36:56,156 [AWT-EventQueue-0] INFO  com.zaxxer.hikari.HikariDataSource - hms-pool - Start completed.
2026-05-05 11:36:56,156 [AWT-EventQueue-0] INFO  com.mycompany.hms.db.Database - Hikari pool initialised: max=10 minIdle=2
2026-05-05 11:37:06,488 [AWT-EventQueue-0] WARN  com.mycompany.hms.ui.UiErrors - UI error surfaced: Invalid credentials
com.mycompany.hms.exception.AuthException: Invalid credentials
	at com.mycompany.hms.service.AuthService.login(AuthService.java:29)
	at com.mycompany.hms.ui.LoginFrame.doLogin(LoginFrame.java:91)
	at com.mycompany.hms.ui.LoginFrame.lambda$new$0(LoginFrame.java:60)
	at java.desktop/javax.swing.AbstractButton.fireActionPerformed(AbstractButton.java:1972)
	at java.desktop/javax.swing.AbstractButton$Handler.actionPerformed(AbstractButton.java:2314)
	at java.desktop/javax.swing.DefaultButtonModel.fireActionPerformed(DefaultButtonModel.java:407)
	at java.desktop/javax.swing.DefaultButtonModel.setPressed(DefaultButtonModel.java:262)
	at java.desktop/javax.swing.plaf.basic.BasicButtonListener.mouseReleased(BasicButtonListener.java:279)
	at java.desktop/java.awt.Component.processMouseEvent(Component.java:6570)
	at java.desktop/javax.swing.JComponent.processMouseEvent(JComponent.java:3390)
	at java.desktop/java.awt.Component.processEvent(Component.java:6335)
	at java.desktop/java.awt.Container.processEvent(Container.java:2260)
	at java.desktop/java.awt.Component.dispatchEventImpl(Component.java:4952)
	at java.desktop/java.awt.Container.dispatchEventImpl(Container.java:2318)
	at java.desktop/java.awt.Component.dispatchEvent(Component.java:4784)
	at java.desktop/java.awt.LightweightDispatcher.retargetMouseEvent(Container.java:4917)
	at java.desktop/java.awt.LightweightDispatcher.processMouseEvent(Container.java:4560)
	at java.desktop/java.awt.LightweightDispatcher.dispatchEvent(Container.java:4501)
	at java.desktop/java.awt.Container.dispatchEventImpl(Container.java:2304)
	at java.desktop/java.awt.Window.dispatchEventImpl(Window.java:2667)
	at java.desktop/java.awt.Component.dispatchEvent(Component.java:4784)
	at java.desktop/java.awt.EventQueue.dispatchEventImpl(EventQueue.java:716)
	at java.desktop/java.awt.EventQueue.dispatchEvent(EventQueue.java:693)
	at java.desktop/java.awt.EventDispatchThread.pumpOneEventForFilters(EventDispatchThread.java:203)
	at java.desktop/java.awt.EventDispatchThread.pumpEventsForFilter(EventDispatchThread.java:124)
	at java.desktop/java.awt.EventDispatchThread.pumpEventsForHierarchy(EventDispatchThread.java:113)
	at java.desktop/java.awt.EventDispatchThread.pumpEvents(EventDispatchThread.java:109)
	at java.desktop/java.awt.EventDispatchThread.pumpEvents(EventDispatchThread.java:101)
	at java.desktop/java.awt.EventDispatchThread.run(EventDispatchThread.java:90)
2026-05-05 11:37:16,902 [AWT-EventQueue-0] WARN  com.mycompany.hms.ui.UiErrors - UI error surfaced: Invalid credentials
com.mycompany.hms.exception.AuthException: Invalid credentials
	at com.mycompany.hms.service.AuthService.login(AuthService.java:29)
	at com.mycompany.hms.ui.LoginFrame.doLogin(LoginFrame.java:91)
	at com.mycompany.hms.ui.LoginFrame.lambda$new$0(LoginFrame.java:60)
	at java.desktop/javax.swing.AbstractButton.fireActionPerformed(AbstractButton.java:1972)
	at java.desktop/javax.swing.AbstractButton$Handler.actionPerformed(AbstractButton.java:2314)
	at java.desktop/javax.swing.DefaultButtonModel.fireActionPerformed(DefaultButtonModel.java:407)
	at java.desktop/javax.swing.DefaultButtonModel.setPressed(DefaultButtonModel.java:262)
	at java.desktop/javax.swing.plaf.basic.BasicButtonListener.mouseReleased(BasicButtonListener.java:279)
	at java.desktop/java.awt.Component.processMouseEvent(Component.java:6570)
	at java.desktop/javax.swing.JComponent.processMouseEvent(JComponent.java:3390)
	at java.desktop/java.awt.Component.processEvent(Component.java:6335)
	at java.desktop/java.awt.Container.processEvent(Container.java:2260)
	at java.desktop/java.awt.Component.dispatchEventImpl(Component.java:4952)
	at java.desktop/java.awt.Container.dispatchEventImpl(Container.java:2318)
	at java.desktop/java.awt.Component.dispatchEvent(Component.java:4784)
	at java.desktop/java.awt.LightweightDispatcher.retargetMouseEvent(Container.java:4917)
	at java.desktop/java.awt.LightweightDispatcher.processMouseEvent(Container.java:4560)
	at java.desktop/java.awt.LightweightDispatcher.dispatchEvent(Container.java:4501)
	at java.desktop/java.awt.Container.dispatchEventImpl(Container.java:2304)
	at java.desktop/java.awt.Window.dispatchEventImpl(Window.java:2667)
	at java.desktop/java.awt.Component.dispatchEvent(Component.java:4784)
	at java.desktop/java.awt.EventQueue.dispatchEventImpl(EventQueue.java:716)
	at java.desktop/java.awt.EventQueue.dispatchEvent(EventQueue.java:693)
	at java.desktop/java.awt.EventDispatchThread.pumpOneEventForFilters(EventDispatchThread.java:203)
	at java.desktop/java.awt.EventDispatchThread.pumpEventsForFilter(EventDispatchThread.java:124)
	at java.desktop/java.awt.EventDispatchThread.pumpEventsForHierarchy(EventDispatchThread.java:113)
	at java.desktop/java.awt.EventDispatchThread.pumpEvents(EventDispatchThread.java:109)
	at java.desktop/java.awt.EventDispatchThread.pumpEvents(EventDispatchThread.java:101)
	at java.desktop/java.awt.EventDispatchThread.run(EventDispatchThread.java:90)
2026-05-05 11:41:41,466 [AWT-EventQueue-0] INFO  c.mycompany.hms.service.AuthService - User logged in: admin (ADMIN)
2026-05-05 11:42:33,329 [AWT-EventQueue-0] INFO  c.m.hms.service.PatientService - Patient created: id=1 name=Ava
2026-05-05 11:42:59,336 [AWT-EventQueue-0] WARN  com.mycompany.hms.ui.UiErrors - UI error surfaced: insert appointment failed
com.mycompany.hms.dao.DataAccessException: insert appointment failed
	at com.mycompany.hms.dao.AppointmentDao.insert(AppointmentDao.java:36)
	at com.mycompany.hms.service.AppointmentService.book(AppointmentService.java:60)
	at com.mycompany.hms.ui.BookAppointmentFrame.book(BookAppointmentFrame.java:107)
	at com.mycompany.hms.ui.BookAppointmentFrame.lambda$new$2(BookAppointmentFrame.java:55)
	at java.desktop/javax.swing.AbstractButton.fireActionPerformed(AbstractButton.java:1972)
	at java.desktop/javax.swing.AbstractButton$Handler.actionPerformed(AbstractButton.java:2314)
	at java.desktop/javax.swing.DefaultButtonModel.fireActionPerformed(DefaultButtonModel.java:407)
	at java.desktop/javax.swing.DefaultButtonModel.setPressed(DefaultButtonModel.java:262)
	at java.desktop/javax.swing.plaf.basic.BasicButtonListener.mouseReleased(BasicButtonListener.java:279)
	at java.desktop/java.awt.Component.processMouseEvent(Component.java:6570)
	at java.desktop/javax.swing.JComponent.processMouseEvent(JComponent.java:3390)
	at java.desktop/java.awt.Component.processEvent(Component.java:6335)
	at java.desktop/java.awt.Container.processEvent(Container.java:2260)
	at java.desktop/java.awt.Component.dispatchEventImpl(Component.java:4952)
	at java.desktop/java.awt.Container.dispatchEventImpl(Container.java:2318)
	at java.desktop/java.awt.Component.dispatchEvent(Component.java:4784)
	at java.desktop/java.awt.LightweightDispatcher.retargetMouseEvent(Container.java:4917)
	at java.desktop/java.awt.LightweightDispatcher.processMouseEvent(Container.java:4560)
	at java.desktop/java.awt.LightweightDispatcher.dispatchEvent(Container.java:4501)
	at java.desktop/java.awt.Container.dispatchEventImpl(Container.java:2304)
	at java.desktop/java.awt.Window.dispatchEventImpl(Window.java:2667)
	at java.desktop/java.awt.Component.dispatchEvent(Component.java:4784)
	at java.desktop/java.awt.EventQueue.dispatchEventImpl(EventQueue.java:716)
	at java.desktop/java.awt.EventQueue.dispatchEvent(EventQueue.java:693)
	at java.desktop/java.awt.EventDispatchThread.pumpOneEventForFilters(EventDispatchThread.java:203)
	at java.desktop/java.awt.EventDispatchThread.pumpEventsForFilter(EventDispatchThread.java:124)
	at java.desktop/java.awt.EventDispatchThread.pumpEventsForHierarchy(EventDispatchThread.java:113)
	at java.desktop/java.awt.EventDispatchThread.pumpEvents(EventDispatchThread.java:109)
	at java.desktop/java.awt.EventDispatchThread.pumpEvents(EventDispatchThread.java:101)
	at java.desktop/java.awt.EventDispatchThread.run(EventDispatchThread.java:90)
Caused by: java.sql.SQLSyntaxErrorException: Unknown column 'notes' in 'field list'
	at com.mysql.cj.jdbc.exceptions.SQLError.createSQLException(SQLError.java:121)
	at com.mysql.cj.jdbc.exceptions.SQLExceptionsMapping.translateException(SQLExceptionsMapping.java:122)
	at com.mysql.cj.jdbc.ClientPreparedStatement.executeInternal(ClientPreparedStatement.java:916)
	at com.mysql.cj.jdbc.ClientPreparedStatement.executeUpdateInternal(ClientPreparedStatement.java:1061)
	at com.mysql.cj.jdbc.ClientPreparedStatement.executeUpdateInternal(ClientPreparedStatement.java:1009)
	at com.mysql.cj.jdbc.ClientPreparedStatement.executeLargeUpdate(ClientPreparedStatement.java:1320)
	at com.mysql.cj.jdbc.ClientPreparedStatement.executeUpdate(ClientPreparedStatement.java:994)
	at com.zaxxer.hikari.pool.ProxyPreparedStatement.executeUpdate(ProxyPreparedStatement.java:61)
	at com.zaxxer.hikari.pool.HikariProxyPreparedStatement.executeUpdate(HikariProxyPreparedStatement.java)
	at com.mycompany.hms.dao.AppointmentDao.insert(AppointmentDao.java:30)
	... 29 common frames omitted
2026-05-05 11:43:03,568 [AWT-EventQueue-0] WARN  com.mycompany.hms.ui.UiErrors - UI error surfaced: insert appointment failed
com.mycompany.hms.dao.DataAccessException: insert appointment failed
	at com.mycompany.hms.dao.AppointmentDao.insert(AppointmentDao.java:36)
	at com.mycompany.hms.service.AppointmentService.book(AppointmentService.java:60)
	at com.mycompany.hms.ui.BookAppointmentFrame.book(BookAppointmentFrame.java:107)
	at com.mycompany.hms.ui.BookAppointmentFrame.lambda$new$2(BookAppointmentFrame.java:55)
	at java.desktop/javax.swing.AbstractButton.fireActionPerformed(AbstractButton.java:1972)
	at java.desktop/javax.swing.AbstractButton$Handler.actionPerformed(AbstractButton.java:2314)
	at java.desktop/javax.swing.DefaultButtonModel.fireActionPerformed(DefaultButtonModel.java:407)
	at java.desktop/javax.swing.DefaultButtonModel.setPressed(DefaultButtonModel.java:262)
	at java.desktop/javax.swing.plaf.basic.BasicButtonListener.mouseReleased(BasicButtonListener.java:279)
	at java.desktop/java.awt.Component.processMouseEvent(Component.java:6570)
	at java.desktop/javax.swing.JComponent.processMouseEvent(JComponent.java:3390)
	at java.desktop/java.awt.Component.processEvent(Component.java:6335)
	at java.desktop/java.awt.Container.processEvent(Container.java:2260)
	at java.desktop/java.awt.Component.dispatchEventImpl(Component.java:4952)
	at java.desktop/java.awt.Container.dispatchEventImpl(Container.java:2318)
	at java.desktop/java.awt.Component.dispatchEvent(Component.java:4784)
	at java.desktop/java.awt.LightweightDispatcher.retargetMouseEvent(Container.java:4917)
	at java.desktop/java.awt.LightweightDispatcher.processMouseEvent(Container.java:4560)
	at java.desktop/java.awt.LightweightDispatcher.dispatchEvent(Container.java:4501)
	at java.desktop/java.awt.Container.dispatchEventImpl(Container.java:2304)
	at java.desktop/java.awt.Window.dispatchEventImpl(Window.java:2667)
	at java.desktop/java.awt.Component.dispatchEvent(Component.java:4784)
	at java.desktop/java.awt.EventQueue.dispatchEventImpl(EventQueue.java:716)
	at java.desktop/java.awt.EventQueue.dispatchEvent(EventQueue.java:693)
	at java.desktop/java.awt.EventDispatchThread.pumpOneEventForFilters(EventDispatchThread.java:203)
	at java.desktop/java.awt.EventDispatchThread.pumpEventsForFilter(EventDispatchThread.java:124)
	at java.desktop/java.awt.EventDispatchThread.pumpEventsForHierarchy(EventDispatchThread.java:113)
	at java.desktop/java.awt.EventDispatchThread.pumpEvents(EventDispatchThread.java:109)
	at java.desktop/java.awt.EventDispatchThread.pumpEvents(EventDispatchThread.java:101)
	at java.desktop/java.awt.EventDispatchThread.run(EventDispatchThread.java:90)
Caused by: java.sql.SQLSyntaxErrorException: Unknown column 'notes' in 'field list'
	at com.mysql.cj.jdbc.exceptions.SQLError.createSQLException(SQLError.java:121)
	at com.mysql.cj.jdbc.exceptions.SQLExceptionsMapping.translateException(SQLExceptionsMapping.java:122)
	at com.mysql.cj.jdbc.ClientPreparedStatement.executeInternal(ClientPreparedStatement.java:916)
	at com.mysql.cj.jdbc.ClientPreparedStatement.executeUpdateInternal(ClientPreparedStatement.java:1061)
	at com.mysql.cj.jdbc.ClientPreparedStatement.executeUpdateInternal(ClientPreparedStatement.java:1009)
	at com.mysql.cj.jdbc.ClientPreparedStatement.executeLargeUpdate(ClientPreparedStatement.java:1320)
	at com.mysql.cj.jdbc.ClientPreparedStatement.executeUpdate(ClientPreparedStatement.java:994)
	at com.zaxxer.hikari.pool.ProxyPreparedStatement.executeUpdate(ProxyPreparedStatement.java:61)
	at com.zaxxer.hikari.pool.HikariProxyPreparedStatement.executeUpdate(HikariProxyPreparedStatement.java)
	at com.mycompany.hms.dao.AppointmentDao.insert(AppointmentDao.java:30)
	... 29 common frames omitted
2026-05-05 11:46:13,688 [hms-shutdown] INFO  com.zaxxer.hikari.HikariDataSource - hms-pool - Shutdown initiated...
2026-05-05 11:46:13,721 [hms-shutdown] INFO  com.zaxxer.hikari.HikariDataSource - hms-pool - Shutdown completed.
2026-05-05 11:46:13,721 [hms-shutdown] INFO  com.mycompany.hms.db.Database - Hikari pool closed
